// Jest Snapshot v1, https://goo.gl/fbAQLP

exports[`[MODULES][USERS][APP][GRAPHQL - SCHEMAS] : User schemas should returns schema of User 1`] = `
Object {
  "definitions": Array [
    Object {
      "description": undefined,
      "directives": Array [],
      "fields": Array [
        Object {
          "arguments": Array [],
          "description": undefined,
          "directives": Array [],
          "kind": "FieldDefinition",
          "name": Object {
            "kind": "Name",
            "value": "id",
          },
          "type": Object {
            "kind": "NonNullType",
            "type": Object {
              "kind": "NamedType",
              "name": Object {
                "kind": "Name",
                "value": "ID",
              },
            },
          },
        },
        Object {
          "arguments": Array [],
          "description": undefined,
          "directives": Array [],
          "kind": "FieldDefinition",
          "name": Object {
            "kind": "Name",
            "value": "username",
          },
          "type": Object {
            "kind": "NonNullType",
            "type": Object {
              "kind": "NamedType",
              "name": Object {
                "kind": "Name",
                "value": "String",
              },
            },
          },
        },
        Object {
          "arguments": Array [],
          "description": undefined,
          "directives": Array [],
          "kind": "FieldDefinition",
          "name": Object {
            "kind": "Name",
            "value": "password",
          },
          "type": Object {
            "kind": "NonNullType",
            "type": Object {
              "kind": "NamedType",
              "name": Object {
                "kind": "Name",
                "value": "String",
              },
            },
          },
        },
        Object {
          "arguments": Array [],
          "description": undefined,
          "directives": Array [],
          "kind": "FieldDefinition",
          "name": Object {
            "kind": "Name",
            "value": "firstname",
          },
          "type": Object {
            "kind": "NonNullType",
            "type": Object {
              "kind": "NamedType",
              "name": Object {
                "kind": "Name",
                "value": "String",
              },
            },
          },
        },
        Object {
          "arguments": Array [],
          "description": undefined,
          "directives": Array [],
          "kind": "FieldDefinition",
          "name": Object {
            "kind": "Name",
            "value": "lastname",
          },
          "type": Object {
            "kind": "NonNullType",
            "type": Object {
              "kind": "NamedType",
              "name": Object {
                "kind": "Name",
                "value": "String",
              },
            },
          },
        },
        Object {
          "arguments": Array [],
          "description": undefined,
          "directives": Array [],
          "kind": "FieldDefinition",
          "name": Object {
            "kind": "Name",
            "value": "description",
          },
          "type": Object {
            "kind": "NonNullType",
            "type": Object {
              "kind": "NamedType",
              "name": Object {
                "kind": "Name",
                "value": "String",
              },
            },
          },
        },
        Object {
          "arguments": Array [],
          "description": undefined,
          "directives": Array [],
          "kind": "FieldDefinition",
          "name": Object {
            "kind": "Name",
            "value": "birthdate",
          },
          "type": Object {
            "kind": "NonNullType",
            "type": Object {
              "kind": "NamedType",
              "name": Object {
                "kind": "Name",
                "value": "Date",
              },
            },
          },
        },
        Object {
          "arguments": Array [],
          "description": undefined,
          "directives": Array [],
          "kind": "FieldDefinition",
          "name": Object {
            "kind": "Name",
            "value": "isMale",
          },
          "type": Object {
            "kind": "NonNullType",
            "type": Object {
              "kind": "NamedType",
              "name": Object {
                "kind": "Name",
                "value": "Boolean",
              },
            },
          },
        },
        Object {
          "arguments": Array [],
          "description": undefined,
          "directives": Array [],
          "kind": "FieldDefinition",
          "name": Object {
            "kind": "Name",
            "value": "postsWritten",
          },
          "type": Object {
            "kind": "ListType",
            "type": Object {
              "kind": "NonNullType",
              "type": Object {
                "kind": "NamedType",
                "name": Object {
                  "kind": "Name",
                  "value": "Post",
                },
              },
            },
          },
        },
      ],
      "interfaces": Array [],
      "kind": "ObjectTypeDefinition",
      "name": Object {
        "kind": "Name",
        "value": "User",
      },
    },
  ],
  "kind": "Document",
  "loc": Object {
    "end": 253,
    "start": 0,
  },
}
`;
